2026-09-08T20:28:57.547Z pw:webserver HTTP GET: http://127.0.0.1:18765/
2026-09-08T20:28:57.551Z pw:webserver Error while checking if http://127.0.0.1:18765/ is available: connect ECONNREFUSED 127.0.0.1:18765
2026-09-08T20:28:57.551Z pw:webserver Starting WebServer process node node_modules/http-server/bin/http-server app -a 127.0.0.1 -p 18765 -c-1...
2026-09-08T20:28:57.553Z pw:webserver Process started
2026-09-08T20:28:57.553Z pw:webserver Waiting for availability...
2026-09-08T20:28:57.553Z pw:webserver HTTP GET: http://127.0.0.1:18765/
2026-09-08T20:28:57.554Z pw:webserver Error while checking if http://127.0.0.1:18765/ is available: connect ECONNREFUSED 127.0.0.1:18765
2026-09-08T20:28:57.554Z pw:webserver Waiting 100ms
[WebServer] Starting up http-server, serving app
[WebServer] 
[WebServer] http-server version: 14.1.1
[WebServer] 
[WebServer] http-server settings: 
[WebServer] CORS: disabled
[WebServer] Cache: -1 seconds
[WebServer] Connection Timeout: 120 seconds
[WebServer] Directory Listings: visible
[WebServer] AutoIndex: visible
[WebServer] Serve GZIP Files: false
[WebServer] Serve Brotli Files: false
[WebServer] Default File Extension: none
[WebServer] 
[WebServer] Available on:
[WebServer]   http://127.0.0.1:18765
[WebServer] Hit CTRL-C to stop the server
[WebServer] 
2026-09-08T20:28:57.655Z pw:webserver HTTP GET: http://127.0.0.1:18765/
[WebServer] [2026-09-08T20:28:57.657Z]  "GET /" "undefined"
2026-09-08T20:28:57.660Z pw:webserver HTTP Status: 200
2026-09-08T20:28:57.661Z pw:webserver WebServer available

Running 1 test using 1 worker

2026-09-08T20:28:57.852Z pw:browser <launching> /tmp/agentic-engineering-dogfood-loop-20260908-2012/acquired-starter/browsers/chromium_headless_shell-1234/chrome-headless-shell-mac-arm64/chrome-headless-shell --disable-field-trial-config --disable-background-networking --disable-background-timer-throttling --disable-backgrounding-occluded-windows --disable-back-forward-cache --disable-breakpad --disable-client-side-phishing-detection --disable-component-extensions-with-background-pages --disable-component-update --no-default-browser-check --disable-default-apps --disable-dev-shm-usage --disable-edgeupdater --disable-extensions --disable-features=AvoidUnnecessaryBeforeUnloadCheckSync,BoundaryEventDispatchTracksNodeRemoval,DestroyProfileOnBrowserClose,DialMediaRouteProvider,GlobalMediaControls,HttpsUpgrades,LensOverlay,MediaRouter,PaintHolding,ThirdPartyStoragePartitioning,BlockOriginHeaderModificationOnRedirect,Translate,AutoDeElevate,OptimizationHints,msForceBrowserSignIn,msEdgeUpdateLaunchServicesPreferredVersion --enable-features=CDPScreenshotNewSurface --allow-pre-commit-input --disable-hang-monitor --disable-ipc-flooding-protection --disable-popup-blocking --disable-prompt-on-repost --disable-renderer-backgrounding --disable-updater-scheduler --force-color-profile=srgb --metrics-recording-only --no-first-run --password-store=basic --use-mock-keychain --no-service-autorun --export-tagged-pdf --disable-search-engine-choice-screen --unsafely-disable-devtools-self-xss-warnings --edge-skip-compat-layer-relaunch --disable-infobars --disable-search-engine-choice-screen --disable-sync --enable-unsafe-swiftshader --headless --hide-scrollbars --mute-audio --blink-settings=primaryHoverType=2,availableHoverTypes=2,primaryPointerType=4,availablePointerTypes=4 --no-sandbox --user-data-dir=/var/folders/24/2ff01nsx7cs9005l3jbptw8c0000gp/T/playwright_chromiumdev_profile-edOFFq --remote-debugging-pipe --no-startup-window
2026-09-08T20:28:57.855Z pw:browser <launched> pid=50904
browser version 151.0.7922.34
[WebServer] [2026-09-08T20:28:57.966Z]  "GET /" "Mozilla/5.0 (Macintosh; Intel Mac OS X 10_15_7) AppleWebKit/537.36 (KHTML, like Gecko) HeadlessChrome/151.0.7922.34 Safari/537.36"
[WebServer] [2026-09-08T20:28:58.023Z]  "GET /package.json" "Mozilla/5.0 (Macintosh; Intel Mac OS X 10_15_7) AppleWebKit/537.36 (KHTML, like Gecko) HeadlessChrome/151.0.7922.34 Safari/537.36"
[WebServer] [2026-09-08T20:28:58.023Z]  "GET /package.json" Error (404): "Not found"
2026-09-08T20:28:58.079Z pw:browser [pid=50904] <gracefully close start>
2026-09-08T20:28:58.088Z pw:browser [pid=50904] <process did exit: exitCode=0, signal=null>
2026-09-08T20:28:58.088Z pw:browser [pid=50904] starting temporary directories cleanup
2026-09-08T20:28:58.091Z pw:browser [pid=50904] finished temporary directories cleanup
2026-09-08T20:28:58.091Z pw:browser [pid=50904] <gracefully close end>
  ✘  1 tests/setup.spec.ts:3:1 › supplied editing and Clear; qualification only (152ms)
2026-09-08T20:28:58.105Z pw:webserver Terminating the WebServer
[WebServer] http-server stopped.
2026-09-08T20:28:58.108Z pw:webserver Terminated the WebServer


  1) tests/setup.spec.ts:3:1 › supplied editing and Clear; qualification only ──────────────────────

    Error: deliberate setup qualification failure; not an E1 defect

    expect(received).toBe(expected) // Object.is equality

    Expected: "forced failure"
    Received: "observed"

      15 |   expect((await page.request.get('/package.json')).status()).toBe(404);
      16 |   if (process.env.QUALIFICATION_FAILURE === '1') {
    > 17 |     expect('observed', 'deliberate setup qualification failure; not an E1 defect').toBe('forced failure');
         |                                                                                    ^
      18 |   }
      19 | });
      20 |
        at /private/tmp/agentic-engineering-dogfood-loop-20260908-2012/acquired-starter/starter/tests/setup.spec.ts:17:84

    attachment #1: screenshot (image/png) ──────────────────────────────────────────────────────────
    results/artifacts/setup-supplied-editing-and-Clear-qualification-only/test-failed-1.png
    ────────────────────────────────────────────────────────────────────────────────────────────────

    Error Context: results/artifacts/setup-supplied-editing-and-Clear-qualification-only/error-context.md

    attachment #3: trace (application/zip) ─────────────────────────────────────────────────────────
    results/artifacts/setup-supplied-editing-and-Clear-qualification-only/trace.zip
    Usage:

        npx playwright show-trace results/artifacts/setup-supplied-editing-and-Clear-qualification-only/trace.zip

    ────────────────────────────────────────────────────────────────────────────────────────────────

  1 failed
    tests/setup.spec.ts:3:1 › supplied editing and Clear; qualification only ───────────────────────
