2026-09-08T20:28:54.452Z pw:webserver HTTP GET: http://127.0.0.1:18765/
2026-09-08T20:28:54.454Z pw:webserver Error while checking if http://127.0.0.1:18765/ is available: connect ECONNREFUSED 127.0.0.1:18765
2026-09-08T20:28:54.454Z pw:webserver Starting WebServer process node node_modules/http-server/bin/http-server app -a 127.0.0.1 -p 18765 -c-1...
2026-09-08T20:28:54.456Z pw:webserver Process started
2026-09-08T20:28:54.456Z pw:webserver Waiting for availability...
2026-09-08T20:28:54.456Z pw:webserver HTTP GET: http://127.0.0.1:18765/
2026-09-08T20:28:54.456Z pw:webserver Error while checking if http://127.0.0.1:18765/ is available: connect ECONNREFUSED 127.0.0.1:18765
2026-09-08T20:28:54.456Z pw:webserver Waiting 100ms
[WebServer] Starting up http-server, serving app
[WebServer] 
[WebServer] http-server version: 14.1.1
[WebServer] 
[WebServer] http-server settings: 
[WebServer] CORS: disabled
[WebServer] Cache: -1 seconds
[WebServer] Connection Timeout: 120 seconds
[WebServer] Directory Listings: visible
[WebServer] AutoIndex: visible
[WebServer] Serve GZIP Files: false
[WebServer] Serve Brotli Files: false
[WebServer] Default File Extension: none
[WebServer] 
[WebServer] Available on:
[WebServer]   http://127.0.0.1:18765
[WebServer] Hit CTRL-C to stop the server
[WebServer] 
2026-09-08T20:28:54.556Z pw:webserver HTTP GET: http://127.0.0.1:18765/
[WebServer] [2026-09-08T20:28:54.558Z]  "GET /" "undefined"
2026-09-08T20:28:54.561Z pw:webserver HTTP Status: 200
2026-09-08T20:28:54.561Z pw:webserver WebServer available

Running 1 test using 1 worker

2026-09-08T20:28:54.767Z pw:browser <launching> /tmp/agentic-engineering-dogfood-loop-20260908-2012/acquired-starter/browsers/chromium_headless_shell-1234/chrome-headless-shell-mac-arm64/chrome-headless-shell --disable-field-trial-config --disable-background-networking --disable-background-timer-throttling --disable-backgrounding-occluded-windows --disable-back-forward-cache --disable-breakpad --disable-client-side-phishing-detection --disable-component-extensions-with-background-pages --disable-component-update --no-default-browser-check --disable-default-apps --disable-dev-shm-usage --disable-edgeupdater --disable-extensions --disable-features=AvoidUnnecessaryBeforeUnloadCheckSync,BoundaryEventDispatchTracksNodeRemoval,DestroyProfileOnBrowserClose,DialMediaRouteProvider,GlobalMediaControls,HttpsUpgrades,LensOverlay,MediaRouter,PaintHolding,ThirdPartyStoragePartitioning,BlockOriginHeaderModificationOnRedirect,Translate,AutoDeElevate,OptimizationHints,msForceBrowserSignIn,msEdgeUpdateLaunchServicesPreferredVersion --enable-features=CDPScreenshotNewSurface --allow-pre-commit-input --disable-hang-monitor --disable-ipc-flooding-protection --disable-popup-blocking --disable-prompt-on-repost --disable-renderer-backgrounding --disable-updater-scheduler --force-color-profile=srgb --metrics-recording-only --no-first-run --password-store=basic --use-mock-keychain --no-service-autorun --export-tagged-pdf --disable-search-engine-choice-screen --unsafely-disable-devtools-self-xss-warnings --edge-skip-compat-layer-relaunch --disable-infobars --disable-search-engine-choice-screen --disable-sync --enable-unsafe-swiftshader --headless --hide-scrollbars --mute-audio --blink-settings=primaryHoverType=2,availableHoverTypes=2,primaryPointerType=4,availablePointerTypes=4 --no-sandbox --user-data-dir=/var/folders/24/2ff01nsx7cs9005l3jbptw8c0000gp/T/playwright_chromiumdev_profile-aqjNAS --remote-debugging-pipe --no-startup-window
2026-09-08T20:28:54.770Z pw:browser <launched> pid=50720
browser version 151.0.7922.34
[WebServer] [2026-09-08T20:28:57.104Z]  "GET /" "Mozilla/5.0 (Macintosh; Intel Mac OS X 10_15_7) AppleWebKit/537.36 (KHTML, like Gecko) HeadlessChrome/151.0.7922.34 Safari/537.36"
[WebServer] [2026-09-08T20:28:57.239Z]  "GET /package.json" "Mozilla/5.0 (Macintosh; Intel Mac OS X 10_15_7) AppleWebKit/537.36 (KHTML, like Gecko) HeadlessChrome/151.0.7922.34 Safari/537.36"
[WebServer] [2026-09-08T20:28:57.240Z]  "GET /package.json" Error (404): "Not found"
  ✓  1 tests/setup.spec.ts:3:1 › supplied editing and Clear; qualification only (963ms)
2026-09-08T20:28:57.272Z pw:browser [pid=50720] <gracefully close start>
2026-09-08T20:28:57.282Z pw:browser [pid=50720] <process did exit: exitCode=0, signal=null>
2026-09-08T20:28:57.282Z pw:browser [pid=50720] starting temporary directories cleanup
2026-09-08T20:28:57.285Z pw:browser [pid=50720] finished temporary directories cleanup
2026-09-08T20:28:57.285Z pw:browser [pid=50720] <gracefully close end>
2026-09-08T20:28:57.291Z pw:webserver Terminating the WebServer
[WebServer] http-server stopped.
2026-09-08T20:28:57.294Z pw:webserver Terminated the WebServer

  1 passed (2.8s)
