Downloading Chrome for Testing 151.0.7922.34 (playwright chromium v1234)[2m from https://cdn.playwright.dev/builds/cft/151.0.7922.34/mac-arm64/chrome-mac-arm64.zip[22m
|                                                                                |   0% of 178.7 MiB
|■■■■■■■■                                                                        |  10% of 178.7 MiB
|■■■■■■■■■■■■■■■■                                                                |  20% of 178.7 MiB
|■■■■■■■■■■■■■■■■■■■■■■■■                                                        |  30% of 178.7 MiB
|■■■■■■■■■■■■■■■■■■■■■■■■■■■■■■■■                                                |  40% of 178.7 MiB
|■■■■■■■■■■■■■■■■■■■■■■■■■■■■■■■■■■■■■■■■                                        |  50% of 178.7 MiB
|■■■■■■■■■■■■■■■■■■■■■■■■■■■■■■■■■■■■■■■■■■■■■■■■                                |  60% of 178.7 MiB
|■■■■■■■■■■■■■■■■■■■■■■■■■■■■■■■■■■■■■■■■■■■■■■■■■■■■■■■■                        |  70% of 178.7 MiB
|■■■■■■■■■■■■■■■■■■■■■■■■■■■■■■■■■■■■■■■■■■■■■■■■■■■■■■■■■■■■■■■■                |  80% of 178.7 MiB
|■■■■■■■■■■■■■■■■■■■■■■■■■■■■■■■■■■■■■■■■■■■■■■■■■■■■■■■■■■■■■■■■■■■■■■■■        |  90% of 178.7 MiB
|■■■■■■■■■■■■■■■■■■■■■■■■■■■■■■■■■■■■■■■■■■■■■■■■■■■■■■■■■■■■■■■■■■■■■■■■■■■■■■■■| 100% of 178.7 MiB
Chrome for Testing 151.0.7922.34 (playwright chromium v1234) downloaded to /tmp/agentic-engineering-dogfood-loop-20260908-2012/final-reader-replay/browsers/chromium-1234
Downloading FFmpeg (playwright ffmpeg v1011)[2m from https://cdn.playwright.dev/dbazure/download/playwright/builds/ffmpeg/1011/ffmpeg-mac-arm64.zip[22m
|                                                                                |   1% of 1 MiB
|■■■■■■■■                                                                        |  10% of 1 MiB
|■■■■■■■■■■■■■■■■                                                                |  21% of 1 MiB
|■■■■■■■■■■■■■■■■■■■■■■■■                                                        |  30% of 1 MiB
|■■■■■■■■■■■■■■■■■■■■■■■■■■■■■■■■                                                |  40% of 1 MiB
|■■■■■■■■■■■■■■■■■■■■■■■■■■■■■■■■■■■■■■■■                                        |  50% of 1 MiB
|■■■■■■■■■■■■■■■■■■■■■■■■■■■■■■■■■■■■■■■■■■■■■■■■                                |  61% of 1 MiB
|■■■■■■■■■■■■■■■■■■■■■■■■■■■■■■■■■■■■■■■■■■■■■■■■■■■■■■■■                        |  70% of 1 MiB
|■■■■■■■■■■■■■■■■■■■■■■■■■■■■■■■■■■■■■■■■■■■■■■■■■■■■■■■■■■■■■■■■                |  81% of 1 MiB
|■■■■■■■■■■■■■■■■■■■■■■■■■■■■■■■■■■■■■■■■■■■■■■■■■■■■■■■■■■■■■■■■■■■■■■■■        |  90% of 1 MiB
|■■■■■■■■■■■■■■■■■■■■■■■■■■■■■■■■■■■■■■■■■■■■■■■■■■■■■■■■■■■■■■■■■■■■■■■■■■■■■■■■| 100% of 1 MiB
FFmpeg (playwright ffmpeg v1011) downloaded to /tmp/agentic-engineering-dogfood-loop-20260908-2012/final-reader-replay/browsers/ffmpeg-1011
Downloading Chrome Headless Shell 151.0.7922.34 (playwright chromium-headless-shell v1234)[2m from https://cdn.playwright.dev/builds/cft/151.0.7922.34/mac-arm64/chrome-headless-shell-mac-arm64.zip[22m
|                                                                                |   0% of 94.7 MiB
|■■■■■■■■                                                                        |  10% of 94.7 MiB
|■■■■■■■■■■■■■■■■                                                                |  20% of 94.7 MiB
|■■■■■■■■■■■■■■■■■■■■■■■■                                                        |  30% of 94.7 MiB
|■■■■■■■■■■■■■■■■■■■■■■■■■■■■■■■■                                                |  40% of 94.7 MiB
|■■■■■■■■■■■■■■■■■■■■■■■■■■■■■■■■■■■■■■■■                                        |  50% of 94.7 MiB
|■■■■■■■■■■■■■■■■■■■■■■■■■■■■■■■■■■■■■■■■■■■■■■■■                                |  60% of 94.7 MiB
|■■■■■■■■■■■■■■■■■■■■■■■■■■■■■■■■■■■■■■■■■■■■■■■■■■■■■■■■                        |  70% of 94.7 MiB
|■■■■■■■■■■■■■■■■■■■■■■■■■■■■■■■■■■■■■■■■■■■■■■■■■■■■■■■■■■■■■■■■                |  80% of 94.7 MiB
|■■■■■■■■■■■■■■■■■■■■■■■■■■■■■■■■■■■■■■■■■■■■■■■■■■■■■■■■■■■■■■■■■■■■■■■■        |  90% of 94.7 MiB
|■■■■■■■■■■■■■■■■■■■■■■■■■■■■■■■■■■■■■■■■■■■■■■■■■■■■■■■■■■■■■■■■■■■■■■■■■■■■■■■■| 100% of 94.7 MiB
Chrome Headless Shell 151.0.7922.34 (playwright chromium-headless-shell v1234) downloaded to /tmp/agentic-engineering-dogfood-loop-20260908-2012/final-reader-replay/browsers/chromium_headless_shell-1234
