2026-09-08T20:34:47.311Z pw:webserver HTTP GET: http://127.0.0.1:18765/
2026-09-08T20:34:47.315Z pw:webserver Error while checking if http://127.0.0.1:18765/ is available: connect ECONNREFUSED 127.0.0.1:18765
2026-09-08T20:34:47.315Z pw:webserver Starting WebServer process node node_modules/http-server/bin/http-server app -a 127.0.0.1 -p 18765 -c-1...
2026-09-08T20:34:47.316Z pw:webserver Process started
2026-09-08T20:34:47.316Z pw:webserver Waiting for availability...
2026-09-08T20:34:47.316Z pw:webserver HTTP GET: http://127.0.0.1:18765/
2026-09-08T20:34:47.319Z pw:webserver Error while checking if http://127.0.0.1:18765/ is available: connect ECONNREFUSED 127.0.0.1:18765
2026-09-08T20:34:47.319Z pw:webserver Waiting 100ms
2026-09-08T20:34:47.420Z pw:webserver HTTP GET: http://127.0.0.1:18765/
2026-09-08T20:34:47.421Z pw:webserver Error while checking if http://127.0.0.1:18765/ is available: connect ECONNREFUSED 127.0.0.1:18765
2026-09-08T20:34:47.421Z pw:webserver Waiting 250ms
[WebServer] Starting up http-server, serving app
[WebServer] 
[WebServer] http-server version: 14.1.1
[WebServer] 
[WebServer] http-server settings: 
[WebServer] CORS: disabled
[WebServer] Cache: -1 seconds
[WebServer] Connection Timeout: 120 seconds
[WebServer] Directory Listings: visible
[WebServer] AutoIndex: visible
[WebServer] Serve GZIP Files: false
[WebServer] Serve Brotli Files: false
[WebServer] Default File Extension: none
[WebServer] 
[WebServer] Available on:
[WebServer]   http://127.0.0.1:18765
[WebServer] Hit CTRL-C to stop the server
[WebServer] 
2026-09-08T20:34:47.673Z pw:webserver HTTP GET: http://127.0.0.1:18765/
[WebServer] [2026-09-08T20:34:47.675Z]  "GET /" "undefined"
2026-09-08T20:34:47.678Z pw:webserver HTTP Status: 200
2026-09-08T20:34:47.679Z pw:webserver WebServer available

Running 4 tests using 1 worker

2026-09-08T20:34:47.892Z pw:browser <launching> /tmp/agentic-engineering-dogfood-loop-20260908-2012/acquired-starter/browsers/chromium_headless_shell-1234/chrome-headless-shell-mac-arm64/chrome-headless-shell --disable-field-trial-config --disable-background-networking --disable-background-timer-throttling --disable-backgrounding-occluded-windows --disable-back-forward-cache --disable-breakpad --disable-client-side-phishing-detection --disable-component-extensions-with-background-pages --disable-component-update --no-default-browser-check --disable-default-apps --disable-dev-shm-usage --disable-edgeupdater --disable-extensions --disable-features=AvoidUnnecessaryBeforeUnloadCheckSync,BoundaryEventDispatchTracksNodeRemoval,DestroyProfileOnBrowserClose,DialMediaRouteProvider,GlobalMediaControls,HttpsUpgrades,LensOverlay,MediaRouter,PaintHolding,ThirdPartyStoragePartitioning,BlockOriginHeaderModificationOnRedirect,Translate,AutoDeElevate,OptimizationHints,msForceBrowserSignIn,msEdgeUpdateLaunchServicesPreferredVersion --enable-features=CDPScreenshotNewSurface --allow-pre-commit-input --disable-hang-monitor --disable-ipc-flooding-protection --disable-popup-blocking --disable-prompt-on-repost --disable-renderer-backgrounding --disable-updater-scheduler --force-color-profile=srgb --metrics-recording-only --no-first-run --password-store=basic --use-mock-keychain --no-service-autorun --export-tagged-pdf --disable-search-engine-choice-screen --unsafely-disable-devtools-self-xss-warnings --edge-skip-compat-layer-relaunch --disable-infobars --disable-search-engine-choice-screen --disable-sync --enable-unsafe-swiftshader --headless --hide-scrollbars --mute-audio --blink-settings=primaryHoverType=2,availableHoverTypes=2,primaryPointerType=4,availablePointerTypes=4 --no-sandbox --user-data-dir=/tmp/agentic-engineering-dogfood-loop-20260908-2012/support/tmp/playwright_chromiumdev_profile-J2YKS2 --remote-debugging-pipe --no-startup-window
2026-09-08T20:34:47.895Z pw:browser <launched> pid=70397
[WebServer] [2026-09-08T20:34:49.010Z]  "GET /" "Mozilla/5.0 (Macintosh; Intel Mac OS X 10_15_7) AppleWebKit/537.36 (KHTML, like Gecko) HeadlessChrome/151.0.7922.34 Safari/537.36"
[WebServer] [2026-09-08T20:34:49.023Z]  "GET /" "Mozilla/5.0 (Macintosh; Intel Mac OS X 10_15_7) AppleWebKit/537.36 (KHTML, like Gecko) HeadlessChrome/151.0.7922.34 Safari/537.36"
  ✓  1 tests/note.spec.ts:10:1 › fresh context has one empty textbox and one Clear button (847ms)
[WebServer] [2026-09-08T20:34:49.343Z]  "GET /" "Mozilla/5.0 (Macintosh; Intel Mac OS X 10_15_7) AppleWebKit/537.36 (KHTML, like Gecko) HeadlessChrome/151.0.7922.34 Safari/537.36"
[WebServer] [2026-09-08T20:34:49.355Z]  "GET /" "Mozilla/5.0 (Macintosh; Intel Mac OS X 10_15_7) AppleWebKit/537.36 (KHTML, like Gecko) HeadlessChrome/151.0.7922.34 Safari/537.36"
  ✓  2 tests/note.spec.ts:17:1 › multiline editing and Clear work (352ms)
[WebServer] [2026-09-08T20:34:49.455Z]  "GET /" "Mozilla/5.0 (Macintosh; Intel Mac OS X 10_15_7) AppleWebKit/537.36 (KHTML, like Gecko) HeadlessChrome/151.0.7922.34 Safari/537.36"
[WebServer] [2026-09-08T20:34:49.467Z]  "GET /" "Mozilla/5.0 (Macintosh; Intel Mac OS X 10_15_7) AppleWebKit/537.36 (KHTML, like Gecko) HeadlessChrome/151.0.7922.34 Safari/537.36"
[WebServer] [2026-09-08T20:34:49.482Z]  "GET /" "Mozilla/5.0 (Macintosh; Intel Mac OS X 10_15_7) AppleWebKit/537.36 (KHTML, like Gecko) HeadlessChrome/151.0.7922.34 Safari/537.36"
2026-09-08T20:34:52.509Z pw:browser [pid=70397] <gracefully close start>
2026-09-08T20:34:52.520Z pw:browser [pid=70397] <process did exit: exitCode=0, signal=null>
2026-09-08T20:34:52.520Z pw:browser [pid=70397] starting temporary directories cleanup
2026-09-08T20:34:52.523Z pw:browser [pid=70397] finished temporary directories cleanup
2026-09-08T20:34:52.523Z pw:browser [pid=70397] <gracefully close end>
  ✘  3 tests/note.spec.ts:26:1 › text survives reload and replacement survives reload (3.1s)
2026-09-08T20:34:52.726Z pw:browser <launching> /tmp/agentic-engineering-dogfood-loop-20260908-2012/acquired-starter/browsers/chromium_headless_shell-1234/chrome-headless-shell-mac-arm64/chrome-headless-shell --disable-field-trial-config --disable-background-networking --disable-background-timer-throttling --disable-backgrounding-occluded-windows --disable-back-forward-cache --disable-breakpad --disable-client-side-phishing-detection --disable-component-extensions-with-background-pages --disable-component-update --no-default-browser-check --disable-default-apps --disable-dev-shm-usage --disable-edgeupdater --disable-extensions --disable-features=AvoidUnnecessaryBeforeUnloadCheckSync,BoundaryEventDispatchTracksNodeRemoval,DestroyProfileOnBrowserClose,DialMediaRouteProvider,GlobalMediaControls,HttpsUpgrades,LensOverlay,MediaRouter,PaintHolding,ThirdPartyStoragePartitioning,BlockOriginHeaderModificationOnRedirect,Translate,AutoDeElevate,OptimizationHints,msForceBrowserSignIn,msEdgeUpdateLaunchServicesPreferredVersion --enable-features=CDPScreenshotNewSurface --allow-pre-commit-input --disable-hang-monitor --disable-ipc-flooding-protection --disable-popup-blocking --disable-prompt-on-repost --disable-renderer-backgrounding --disable-updater-scheduler --force-color-profile=srgb --metrics-recording-only --no-first-run --password-store=basic --use-mock-keychain --no-service-autorun --export-tagged-pdf --disable-search-engine-choice-screen --unsafely-disable-devtools-self-xss-warnings --edge-skip-compat-layer-relaunch --disable-infobars --disable-search-engine-choice-screen --disable-sync --enable-unsafe-swiftshader --headless --hide-scrollbars --mute-audio --blink-settings=primaryHoverType=2,availableHoverTypes=2,primaryPointerType=4,availablePointerTypes=4 --no-sandbox --user-data-dir=/tmp/agentic-engineering-dogfood-loop-20260908-2012/support/tmp/playwright_chromiumdev_profile-bHHXeM --remote-debugging-pipe --no-startup-window
2026-09-08T20:34:52.729Z pw:browser <launched> pid=70641
[WebServer] [2026-09-08T20:34:52.835Z]  "GET /" "Mozilla/5.0 (Macintosh; Intel Mac OS X 10_15_7) AppleWebKit/537.36 (KHTML, like Gecko) HeadlessChrome/151.0.7922.34 Safari/537.36"
[WebServer] [2026-09-08T20:34:52.847Z]  "GET /" "Mozilla/5.0 (Macintosh; Intel Mac OS X 10_15_7) AppleWebKit/537.36 (KHTML, like Gecko) HeadlessChrome/151.0.7922.34 Safari/537.36"
[WebServer] [2026-09-08T20:34:52.887Z]  "GET /" "Mozilla/5.0 (Macintosh; Intel Mac OS X 10_15_7) AppleWebKit/537.36 (KHTML, like Gecko) HeadlessChrome/151.0.7922.34 Safari/537.36"
[WebServer] [2026-09-08T20:34:52.921Z]  "GET /" "Mozilla/5.0 (Macintosh; Intel Mac OS X 10_15_7) AppleWebKit/537.36 (KHTML, like Gecko) HeadlessChrome/151.0.7922.34 Safari/537.36"
  ✓  4 tests/note.spec.ts:37:1 › Clear survives reload and another Clear/reload remains empty (156ms)
2026-09-08T20:34:52.950Z pw:browser [pid=70641] <gracefully close start>
2026-09-08T20:34:52.958Z pw:browser [pid=70641] <process did exit: exitCode=0, signal=null>
2026-09-08T20:34:52.958Z pw:browser [pid=70641] starting temporary directories cleanup
2026-09-08T20:34:52.961Z pw:browser [pid=70641] finished temporary directories cleanup
2026-09-08T20:34:52.961Z pw:browser [pid=70641] <gracefully close end>
2026-09-08T20:34:52.966Z pw:webserver Terminating the WebServer
[WebServer] http-server stopped.
2026-09-08T20:34:52.969Z pw:webserver Terminated the WebServer


  1) tests/note.spec.ts:26:1 › text survives reload and replacement survives reload ────────────────

    Error: expect(locator).toHaveValue(expected) failed

    Locator: locator('textarea#note')
    Timeout: 3000ms
    Expected: "original
    multiline note"
    Received: ""

    Call log:
      - Expect "toHaveValue" with timeout 3000ms
      - waiting for locator('textarea#note')
        10 × locator resolved to <textarea rows="8" id="note" cols="40"></textarea>
           - unexpected value ""


      29 |   await note.fill('original\nmultiline note');
      30 |   await page.reload();
    > 31 |   await expect(note).toHaveValue('original\nmultiline note');
         |                      ^
      32 |   await note.fill('replacement only');
      33 |   await page.reload();
      34 |   await expect(note).toHaveValue('replacement only');
        at /private/tmp/agentic-engineering-dogfood-loop-20260908-2012/E1-implementation/starter/tests/note.spec.ts:31:22

    attachment #1: screenshot (image/png) ──────────────────────────────────────────────────────────
    results/artifacts/note-text-survives-reload-and-replacement-survives-reload/test-failed-1.png
    ────────────────────────────────────────────────────────────────────────────────────────────────

    Error Context: results/artifacts/note-text-survives-reload-and-replacement-survives-reload/error-context.md

    attachment #3: trace (application/zip) ─────────────────────────────────────────────────────────
    results/artifacts/note-text-survives-reload-and-replacement-survives-reload/trace.zip
    Usage:

        npx playwright show-trace results/artifacts/note-text-survives-reload-and-replacement-survives-reload/trace.zip

    ────────────────────────────────────────────────────────────────────────────────────────────────

  1 failed
    tests/note.spec.ts:26:1 › text survives reload and replacement survives reload ─────────────────
  3 passed (5.7s)
